// Jest Snapshot v1, https://goo.gl/fbAQLP

exports[`AppFooter.test.js has the expected html structure 1`] = `
<footer
  class="footer"
>
  <div
    class="container"
  >
    <div
      class="content"
    >
      <div
        class="footer-menu has-text-left is-pulled-left"
      >
        <router-link
          to="/newsletters"
        >
          Newsletters
        </router-link>
         
        <router-link
          to="/about"
        >
          About
        </router-link>
      </div>
       
      <div
        class="has-text-right is-pulled-right"
      >
        <a
          href="https://twitter.com/dotnetweekly"
          rel="noopener"
          target="_blank"
        >
          <i
            aria-hidden="true"
            class="icon-twitter"
          />
           Follow Us
        
        </a>
      </div>
       
      <div
        class="is-clearfix"
      />
    </div>
  </div>
</footer>
`;
